::1 - - [08/Apr/2026 11:52:04] "GET /src/api.js HTTP/1.1" 304 -
::1 - - [08/Apr/2026 11:52:04] "GET /src/data.js HTTP/1.1" 304 -
::1 - - [08/Apr/2026 11:52:06] "GET / HTTP/1.1" 304 -
::1 - - [08/Apr/2026 11:53:08] "GET / HTTP/1.1" 304 -
::1 - - [08/Apr/2026 11:53:08] "GET /src/data.js HTTP/1.1" 304 -
::1 - - [08/Apr/2026 11:53:16] "GET / HTTP/1.1" 200 -
::1 - - [08/Apr/2026 11:53:16] "GET /src/style.css HTTP/1.1" 200 -
::1 - - [08/Apr/2026 11:53:16] "GET /src/main.js HTTP/1.1" 200 -
::1 - - [08/Apr/2026 11:53:16] "GET /src/data.js HTTP/1.1" 200 -
::1 - - [08/Apr/2026 11:53:16] "GET /src/utils.js HTTP/1.1" 200 -
::1 - - [08/Apr/2026 11:53:16] "GET /src/render.js HTTP/1.1" 200 -
::1 - - [08/Apr/2026 11:53:16] "GET /src/api.js HTTP/1.1" 200 -
::1 - - [08/Apr/2026 11:53:16] "GET /ski_areas.csv HTTP/1.1" 200 -
::1 - - [08/Apr/2026 11:53:16] code 404, message File not found
::1 - - [08/Apr/2026 11:53:16] "GET /favicon.ico HTTP/1.1" 404 -
::1 - - [08/Apr/2026 11:57:56] "GET / HTTP/1.1" 304 -
::1 - - [08/Apr/2026 11:57:56] "GET /src/data.js HTTP/1.1" 200 -
::1 - - [08/Apr/2026 11:57:56] "GET /src/api.js HTTP/1.1" 304 -
::1 - - [08/Apr/2026 11:57:56] "GET /src/render.js HTTP/1.1" 304 -
::1 - - [08/Apr/2026 11:58:29] "GET / HTTP/1.1" 200 -
::1 - - [08/Apr/2026 11:58:29] "GET /src/style.css HTTP/1.1" 200 -
::1 - - [08/Apr/2026 11:58:29] "GET /src/main.js HTTP/1.1" 200 -
::1 - - [08/Apr/2026 11:58:29] "GET /src/api.js HTTP/1.1" 200 -
::1 - - [08/Apr/2026 11:58:29] "GET /src/data.js HTTP/1.1" 200 -
::1 - - [08/Apr/2026 11:58:29] "GET /src/render.js HTTP/1.1" 200 -
::1 - - [08/Apr/2026 11:58:29] "GET /src/utils.js HTTP/1.1" 200 -
::1 - - [08/Apr/2026 11:58:29] "GET /ski_areas.csv HTTP/1.1" 200 -
::1 - - [08/Apr/2026 11:58:29] code 404, message File not found
::1 - - [08/Apr/2026 11:58:29] "GET /favicon.ico HTTP/1.1" 404 -
::1 - - [08/Apr/2026 12:00:52] "GET / HTTP/1.1" 200 -
::1 - - [08/Apr/2026 12:00:52] "GET /src/style.css HTTP/1.1" 200 -
::1 - - [08/Apr/2026 12:00:52] "GET /src/main.js HTTP/1.1" 200 -
::1 - - [08/Apr/2026 12:00:52] "GET /src/api.js HTTP/1.1" 200 -
::1 - - [08/Apr/2026 12:00:52] "GET /src/data.js HTTP/1.1" 200 -
::1 - - [08/Apr/2026 12:00:52] "GET /src/render.js HTTP/1.1" 200 -
::1 - - [08/Apr/2026 12:00:52] "GET /src/utils.js HTTP/1.1" 200 -
::1 - - [08/Apr/2026 12:00:52] "GET /ski_areas.csv HTTP/1.1" 200 -
::1 - - [08/Apr/2026 12:00:52] code 404, message File not found
::1 - - [08/Apr/2026 12:00:52] "GET /favicon.ico HTTP/1.1" 404 -
::1 - - [08/Apr/2026 12:03:24] "GET / HTTP/1.1" 200 -
::1 - - [08/Apr/2026 12:03:24] "GET /src/style.css HTTP/1.1" 200 -
::1 - - [08/Apr/2026 12:03:24] "GET /src/main.js HTTP/1.1" 200 -
::1 - - [08/Apr/2026 12:03:24] "GET /src/data.js HTTP/1.1" 200 -
::1 - - [08/Apr/2026 12:03:24] "GET /src/api.js HTTP/1.1" 200 -
::1 - - [08/Apr/2026 12:03:24] "GET /src/render.js HTTP/1.1" 200 -
::1 - - [08/Apr/2026 12:03:24] "GET /src/utils.js HTTP/1.1" 200 -
::1 - - [08/Apr/2026 12:03:25] "GET /ski_areas.csv HTTP/1.1" 200 -
::1 - - [08/Apr/2026 12:03:25] code 404, message File not found
::1 - - [08/Apr/2026 12:03:25] "GET /favicon.ico HTTP/1.1" 404 -
::1 - - [08/Apr/2026 12:06:42] "GET / HTTP/1.1" 304 -
::1 - - [08/Apr/2026 12:06:42] "GET /src/main.js HTTP/1.1" 304 -
::1 - - [08/Apr/2026 12:06:42] "GET /src/data.js HTTP/1.1" 200 -
::1 - - [08/Apr/2026 12:06:42] "GET /src/render.js HTTP/1.1" 304 -
::1 - - [08/Apr/2026 12:06:42] "GET /src/api.js HTTP/1.1" 304 -
::1 - - [08/Apr/2026 12:06:46] "GET / HTTP/1.1" 200 -
::1 - - [08/Apr/2026 12:06:46] "GET /src/style.css HTTP/1.1" 200 -
::1 - - [08/Apr/2026 12:06:46] "GET /src/main.js HTTP/1.1" 200 -
::1 - - [08/Apr/2026 12:06:46] "GET /src/api.js HTTP/1.1" 200 -
::1 - - [08/Apr/2026 12:06:46] "GET /src/render.js HTTP/1.1" 200 -
::1 - - [08/Apr/2026 12:06:46] "GET /src/data.js HTTP/1.1" 200 -
::1 - - [08/Apr/2026 12:06:46] "GET /src/utils.js HTTP/1.1" 200 -
::1 - - [08/Apr/2026 12:06:46] "GET /ski_areas.csv HTTP/1.1" 200 -
::1 - - [08/Apr/2026 12:06:47] code 404, message File not found
::1 - - [08/Apr/2026 12:06:47] "GET /favicon.ico HTTP/1.1" 404 -
::1 - - [08/Apr/2026 12:11:00] "GET / HTTP/1.1" 200 -
::1 - - [08/Apr/2026 12:11:00] "GET /src/style.css HTTP/1.1" 200 -
::1 - - [08/Apr/2026 12:11:00] "GET /src/main.js HTTP/1.1" 200 -
::1 - - [08/Apr/2026 12:11:00] "GET /src/data.js HTTP/1.1" 200 -
::1 - - [08/Apr/2026 12:11:00] "GET /src/api.js HTTP/1.1" 200 -
::1 - - [08/Apr/2026 12:11:00] "GET /src/render.js HTTP/1.1" 200 -
::1 - - [08/Apr/2026 12:11:00] "GET /src/utils.js HTTP/1.1" 200 -
::1 - - [08/Apr/2026 12:11:00] "GET /ski_areas.csv HTTP/1.1" 200 -
::1 - - [08/Apr/2026 12:11:01] code 404, message File not found
::1 - - [08/Apr/2026 12:11:01] "GET /favicon.ico HTTP/1.1" 404 -
::1 - - [08/Apr/2026 12:14:05] "GET / HTTP/1.1" 200 -
::1 - - [08/Apr/2026 12:14:05] "GET /src/style.css HTTP/1.1" 200 -
::1 - - [08/Apr/2026 12:14:05] "GET /src/main.js HTTP/1.1" 200 -
::1 - - [08/Apr/2026 12:14:05] "GET /src/api.js HTTP/1.1" 200 -
::1 - - [08/Apr/2026 12:14:05] "GET /src/data.js HTTP/1.1" 200 -
::1 - - [08/Apr/2026 12:14:05] "GET /src/render.js HTTP/1.1" 200 -
::1 - - [08/Apr/2026 12:14:05] "GET /src/utils.js HTTP/1.1" 200 -
::1 - - [08/Apr/2026 12:14:06] "GET /ski_areas.csv HTTP/1.1" 200 -
::1 - - [08/Apr/2026 12:14:06] code 404, message File not found
::1 - - [08/Apr/2026 12:14:06] "GET /favicon.ico HTTP/1.1" 404 -
